{ "tree": { "root": { "value": 3, "left": { "value": 2, "left": { "value": 1, "left": nil, "right": nil }, "right": nil }, "right": { "value": 4, "left": nil, "right": nil } } }, "nodeCount": 4, "nodeVals": [3, 2, 4, 1] }
