{ "list": { "head": { "data": 0, "index": 0, "left": nil, "right": { "data": 1, "index": 1, "left": { "data": 0, "index": 0, "left": nil, "right": nil, "self": nil }, "right": { "data": 2, "index": 2, "left": { "data": 1, "index": 1, "left": nil, "right": nil, "self": nil }, "right": { "data": 3, "index": 3, "left": { "data": 2, "index": 2, "left": nil, "right": nil, "self": nil }, "right": { "data": 4, "index": 4, "left": { "data": 3, "index": 3, "left": nil, "right": nil, "self": nil }, "right": { "data": 5, "index": 5, "left": { "data": 4, "index": 4, "left": nil, "right": nil, "self": nil }, "right": { "data": 6, "index": 6, "left": { "data": 5, "index": 5, "left": nil, "right": nil, "self": nil }, "right": { "data": 7, "index": 7, "left": { "data": 6, "index": 6, "left": nil, "right": nil, "self": nil }, "right": { "data": 8, "index": 8, "left": { "data": 7, "index": 7, "left": nil, "right": nil, "self": nil }, "right": { "data": 9, "index": 9, "left": { "data": 8, "index": 8, "left": nil, "right": nil, "self": nil }, "right": nil, "self": { "data": 9, "index": 9, "left": nil, "right": nil, "self": nil } }, "self": { "data": 8, "index": 8, "left": nil, "right": nil, "self": nil } }, "self": nil }, "self": nil }, "self": nil }, "self": nil }, "self": nil }, "self": nil }, "self": nil }, "self": nil }, "length": 10 }, "listLength": 10 }
